Starting a Gradle Daemon, 2 busy Daemons could not be reused, use --status for details
> Task :platform:gateway-service:compileJava UP-TO-DATE
> Task :platform:gateway-service:processResources UP-TO-DATE
> Task :platform:gateway-service:classes UP-TO-DATE
> Task :platform:gateway-service:resolveMainClassName UP-TO-DATE

> Task :platform:gateway-service:bootRun

  .   ____          _            __ _ _
 /\\ / ___'_ __ _ _(_)_ __  __ _ \ \ \ \
( ( )\___ | '_ | '_| | '_ \/ _` | \ \ \ \
 \\/  ___)| |_)| | | | | || (_| |  ) ) ) )
  '  |____| .__|_| |_|_| |_\__, | / / / /
 =========|_|==============|___/=/_/_/_/

 :: Spring Boot ::                (v4.1.0)

2026-09-17T14:01:53.102+09:00  INFO 22385 --- [gateway-service] [           main] c.pantrymate.gateway.GatewayApplication  : Starting GatewayApplication using Java 25.0.2 with PID 22385 (/Users/jeongkuk/Desktop/kt cloud/server-main/platform/gateway-service/build/classes/java/main started by jeongkuk in /Users/jeongkuk/Desktop/kt cloud/server-main/platform/gateway-service)
2026-09-17T14:01:53.104+09:00  INFO 22385 --- [gateway-service] [           main] c.pantrymate.gateway.GatewayApplication  : No active profile set, falling back to 1 default profile: "default"
2026-09-17T14:01:54.568+09:00  INFO 22385 --- [gateway-service] [           main] o.s.cloud.context.scope.GenericScope     : BeanFactory id=0689a411-e310-359f-ae0d-a8aa635c0f51
2026-09-17T14:01:55.561+09:00  WARN 22385 --- [gateway-service] [           main] o.h.v.i.m.a.CascadingMetaDataBuilder     : HV000271: Using `@Valid` on a container (java.util.List) is deprecated. You should apply the annotation on the type argument(s). Affected element: routes
2026-09-17T14:01:55.587+09:00  WARN 22385 --- [gateway-service] [           main] o.h.v.i.m.a.CascadingMetaDataBuilder     : HV000271: Using `@Valid` on a container (java.util.List) is deprecated. You should apply the annotation on the type argument(s). Affected element: predicates
2026-09-17T14:01:55.588+09:00  WARN 22385 --- [gateway-service] [           main] o.h.v.i.m.a.CascadingMetaDataBuilder     : HV000271: Using `@Valid` on a container (java.util.List) is deprecated. You should apply the annotation on the type argument(s). Affected element: filters
2026-09-17T14:01:55.641+09:00  INFO 22385 --- [gateway-service] [           main] o.s.c.g.r.RouteDefinitionRouteLocator    : Loaded RoutePredicateFactory [After]
2026-09-17T14:01:55.641+09:00  INFO 22385 --- [gateway-service] [           main] o.s.c.g.r.RouteDefinitionRouteLocator    : Loaded RoutePredicateFactory [Before]
2026-09-17T14:01:55.641+09:00  INFO 22385 --- [gateway-service] [           main] o.s.c.g.r.RouteDefinitionRouteLocator    : Loaded RoutePredicateFactory [Between]
2026-09-17T14:01:55.641+09:00  INFO 22385 --- [gateway-service] [           main] o.s.c.g.r.RouteDefinitionRouteLocator    : Loaded RoutePredicateFactory [Cookie]
2026-09-17T14:01:55.641+09:00  INFO 22385 --- [gateway-service] [           main] o.s.c.g.r.RouteDefinitionRouteLocator    : Loaded RoutePredicateFactory [Header]
2026-09-17T14:01:55.641+09:00  INFO 22385 --- [gateway-service] [           main] o.s.c.g.r.RouteDefinitionRouteLocator    : Loaded RoutePredicateFactory [Host]
2026-09-17T14:01:55.641+09:00  INFO 22385 --- [gateway-service] [           main] o.s.c.g.r.RouteDefinitionRouteLocator    : Loaded RoutePredicateFactory [Method]
2026-09-17T14:01:55.641+09:00  INFO 22385 --- [gateway-service] [           main] o.s.c.g.r.RouteDefinitionRouteLocator    : Loaded RoutePredicateFactory [Path]
2026-09-17T14:01:55.641+09:00  INFO 22385 --- [gateway-service] [           main] o.s.c.g.r.RouteDefinitionRouteLocator    : Loaded RoutePredicateFactory [Query]
2026-09-17T14:01:55.641+09:00  INFO 22385 --- [gateway-service] [           main] o.s.c.g.r.RouteDefinitionRouteLocator    : Loaded RoutePredicateFactory [ReadBody]
2026-09-17T14:01:55.641+09:00  INFO 22385 --- [gateway-service] [           main] o.s.c.g.r.RouteDefinitionRouteLocator    : Loaded RoutePredicateFactory [RemoteAddr]
2026-09-17T14:01:55.641+09:00  INFO 22385 --- [gateway-service] [           main] o.s.c.g.r.RouteDefinitionRouteLocator    : Loaded RoutePredicateFactory [Version]
2026-09-17T14:01:55.641+09:00  INFO 22385 --- [gateway-service] [           main] o.s.c.g.r.RouteDefinitionRouteLocator    : Loaded RoutePredicateFactory [XForwardedRemoteAddr]
2026-09-17T14:01:55.641+09:00  INFO 22385 --- [gateway-service] [           main] o.s.c.g.r.RouteDefinitionRouteLocator    : Loaded RoutePredicateFactory [Weight]
2026-09-17T14:01:55.641+09:00  INFO 22385 --- [gateway-service] [           main] o.s.c.g.r.RouteDefinitionRouteLocator    : Loaded RoutePredicateFactory [CloudFoundryRouteService]
2026-09-17T14:01:55.891+09:00  INFO 22385 --- [gateway-service] [           main] o.s.b.a.e.web.EndpointLinksResolver      : Exposing 1 endpoint beneath base path '/actuator'
2026-09-17T14:01:58.313+09:00  WARN 22385 --- [gateway-service] [           main] onfigReactiveWebServerApplicationContext : Exception encountered during context initialization - cancelling refresh attempt: org.springframework.context.ApplicationContextException: Failed to start bean 'webServerStartStop'
2026-09-17T14:01:58.333+09:00  INFO 22385 --- [gateway-service] [           main] .s.b.a.l.ConditionEvaluationReportLogger : 

Error starting ApplicationContext. To display the condition evaluation report re-run your application with 'debug' enabled.
2026-09-17T14:01:58.340+09:00 ERROR 22385 --- [gateway-service] [           main] o.s.b.d.LoggingFailureAnalysisReporter   : 

***************************
APPLICATION FAILED TO START
***************************

Description:

Web server failed to start. Port 8080 was already in use.

Action:

Identify and stop the process that's listening on port 8080 or configure this application to listen on another port.


> Task :platform:gateway-service:bootRun FAILED

FAILURE: Build failed with an exception.

* What went wrong:
Execution failed for task ':platform:gateway-service:bootRun'.
> Process 'command '/Library/Java/JavaVirtualMachines/jdk-25.jdk/Contents/Home/bin/java'' finished with non-zero exit value 1

* Try:
> Run with --stacktrace option to get the stack trace.
> Run with --info or --debug option to get more log output.
> Run with --scan to generate a Build Scan (Powered by Develocity).
> Get more help at https://help.gradle.org.

BUILD FAILED in 16s
4 actionable tasks: 1 executed, 3 up-to-date
