Starting a Gradle Daemon, 2 busy Daemons could not be reused, use --status for details
> Task :modules:common:compileJava UP-TO-DATE
> Task :modules:common:processResources NO-SOURCE
> Task :modules:common:classes UP-TO-DATE
> Task :modules:common:jar UP-TO-DATE
> Task :services:order-payment-service:compileJava UP-TO-DATE
> Task :services:order-payment-service:processResources UP-TO-DATE
> Task :services:order-payment-service:classes UP-TO-DATE
> Task :services:order-payment-service:resolveMainClassName UP-TO-DATE

> Task :services:order-payment-service:bootRun

  .   ____          _            __ _ _
 /\\ / ___'_ __ _ _(_)_ __  __ _ \ \ \ \
( ( )\___ | '_ | '_| | '_ \/ _` | \ \ \ \
 \\/  ___)| |_)| | | | | || (_| |  ) ) ) )
  '  |____| .__|_| |_|_| |_\__, | / / / /
 =========|_|==============|___/=/_/_/_/

 :: Spring Boot ::                (v4.1.0)

2026-09-17T14:01:56.015+09:00  INFO 22395 --- [order-payment-service] [           main] c.p.o.OrderPaymentApplication            : Starting OrderPaymentApplication using Java 25.0.2 with PID 22395 (/Users/jeongkuk/Desktop/kt cloud/server-main/services/order-payment-service/build/classes/java/main started by jeongkuk in /Users/jeongkuk/Desktop/kt cloud/server-main/services/order-payment-service)
2026-09-17T14:01:56.018+09:00  INFO 22395 --- [order-payment-service] [           main] c.p.o.OrderPaymentApplication            : No active profile set, falling back to 1 default profile: "default"
2026-09-17T14:01:56.835+09:00  INFO 22395 --- [order-payment-service] [           main] .s.d.r.c.RepositoryConfigurationDelegate : Multiple Spring Data modules found, entering strict repository configuration mode
2026-09-17T14:01:56.836+09:00  INFO 22395 --- [order-payment-service] [           main] .s.d.r.c.RepositoryConfigurationDelegate : Bootstrapping Spring Data JPA repositories in DEFAULT mode.
2026-09-17T14:01:56.990+09:00  INFO 22395 --- [order-payment-service] [           main] .s.d.r.c.RepositoryConfigurationDelegate : Finished Spring Data repository scanning in 148 ms. Found 5 JPA repository interfaces.
2026-09-17T14:01:57.009+09:00  INFO 22395 --- [order-payment-service] [           main] .s.d.r.c.RepositoryConfigurationDelegate : Multiple Spring Data modules found, entering strict repository configuration mode
2026-09-17T14:01:57.010+09:00  INFO 22395 --- [order-payment-service] [           main] .s.d.r.c.RepositoryConfigurationDelegate : Bootstrapping Spring Data Redis repositories in DEFAULT mode.
2026-09-17T14:01:57.020+09:00  INFO 22395 --- [order-payment-service] [           main] .RepositoryConfigurationExtensionSupport : Spring Data Redis - Could not safely identify store assignment for repository candidate interface com.pantrymate.orderpayment.cart.infrastructure.repository.CartItemJpaRepository; If you want this repository to be a Redis repository, consider annotating your entities with one of these annotations: org.springframework.data.redis.core.RedisHash (preferred), or consider extending one of the following types with your repository: org.springframework.data.keyvalue.repository.KeyValueRepository
2026-09-17T14:01:57.021+09:00  INFO 22395 --- [order-payment-service] [           main] .RepositoryConfigurationExtensionSupport : Spring Data Redis - Could not safely identify store assignment for repository candidate interface com.pantrymate.orderpayment.cart.infrastructure.repository.CartJpaRepository; If you want this repository to be a Redis repository, consider annotating your entities with one of these annotations: org.springframework.data.redis.core.RedisHash (preferred), or consider extending one of the following types with your repository: org.springframework.data.keyvalue.repository.KeyValueRepository
2026-09-17T14:01:57.021+09:00  INFO 22395 --- [order-payment-service] [           main] .RepositoryConfigurationExtensionSupport : Spring Data Redis - Could not safely identify store assignment for repository candidate interface com.pantrymate.orderpayment.order.infrastructure.repository.OrderItemJpaRepository; If you want this repository to be a Redis repository, consider annotating your entities with one of these annotations: org.springframework.data.redis.core.RedisHash (preferred), or consider extending one of the following types with your repository: org.springframework.data.keyvalue.repository.KeyValueRepository
2026-09-17T14:01:57.022+09:00  INFO 22395 --- [order-payment-service] [           main] .RepositoryConfigurationExtensionSupport : Spring Data Redis - Could not safely identify store assignment for repository candidate interface com.pantrymate.orderpayment.order.infrastructure.repository.OrderJpaRepository; If you want this repository to be a Redis repository, consider annotating your entities with one of these annotations: org.springframework.data.redis.core.RedisHash (preferred), or consider extending one of the following types with your repository: org.springframework.data.keyvalue.repository.KeyValueRepository
2026-09-17T14:01:57.022+09:00  INFO 22395 --- [order-payment-service] [           main] .RepositoryConfigurationExtensionSupport : Spring Data Redis - Could not safely identify store assignment for repository candidate interface com.pantrymate.orderpayment.payment.infrastructure.repository.PaymentJpaRepository; If you want this repository to be a Redis repository, consider annotating your entities with one of these annotations: org.springframework.data.redis.core.RedisHash (preferred), or consider extending one of the following types with your repository: org.springframework.data.keyvalue.repository.KeyValueRepository
2026-09-17T14:01:57.022+09:00  INFO 22395 --- [order-payment-service] [           main] .s.d.r.c.RepositoryConfigurationDelegate : Finished Spring Data repository scanning in 5 ms. Found 0 Redis repository interfaces.
2026-09-17T14:01:57.147+09:00  INFO 22395 --- [order-payment-service] [           main] o.s.cloud.context.scope.GenericScope     : BeanFactory id=24e89008-dccf-3c57-bc61-221b5b7e1f78
2026-09-17T14:01:57.406+09:00  INFO 22395 --- [order-payment-service] [           main] o.s.boot.tomcat.TomcatWebServer          : Tomcat initialized with port 8084 (http)
2026-09-17T14:01:57.417+09:00  INFO 22395 --- [order-payment-service] [           main] o.apache.catalina.core.StandardService   : Starting service [Tomcat]
2026-09-17T14:01:57.417+09:00  INFO 22395 --- [order-payment-service] [           main] o.apache.catalina.core.StandardEngine    : Starting Servlet engine: [Apache Tomcat/11.0.22]
2026-09-17T14:01:57.448+09:00  INFO 22395 --- [order-payment-service] [           main] b.w.c.s.WebApplicationContextInitializer : Root WebApplicationContext: initialization completed in 1387 ms
2026-09-17T14:01:57.627+09:00  INFO 22395 --- [order-payment-service] [           main] org.hibernate.orm.jpa                    : HHH008540: Processing PersistenceUnitInfo [name: default]
2026-09-17T14:01:57.695+09:00  INFO 22395 --- [order-payment-service] [           main] org.hibernate.orm.core                   : HHH000001: Hibernate ORM core version 7.4.1.Final
2026-09-17T14:01:58.113+09:00  INFO 22395 --- [order-payment-service] [           main] o.s.o.j.p.SpringPersistenceUnitInfo      : No LoadTimeWeaver setup: ignoring JPA class transformer
2026-09-17T14:01:58.147+09:00  INFO 22395 --- [order-payment-service] [           main] com.zaxxer.hikari.HikariDataSource       : HikariPool-1 - Starting...
2026-09-17T14:01:58.338+09:00  INFO 22395 --- [order-payment-service] [           main] com.zaxxer.hikari.pool.HikariPool        : HikariPool-1 - Added connection org.postgresql.jdbc.PgConnection@68af8288
2026-09-17T14:01:58.339+09:00  INFO 22395 --- [order-payment-service] [           main] com.zaxxer.hikari.HikariDataSource       : HikariPool-1 - Start completed.
2026-09-17T14:01:58.403+09:00  INFO 22395 --- [order-payment-service] [           main] org.hibernate.orm.connections.pooling    : HHH10001005: Database info:
	Database JDBC URL [jdbc:postgresql://localhost:5432/pantrymate_orderpayment]
	Database driver: PostgreSQL JDBC Driver
	Database dialect: PostgreSQLDialect
	Database version: 18.4
	Default catalog/schema: pantrymate_orderpayment/public
	Autocommit mode: undefined/unknown
	Isolation level: READ_COMMITTED [default READ_COMMITTED]
	JDBC fetch size: none
	Pool: DataSourceConnectionProvider
	Minimum pool size: undefined/unknown
	Maximum pool size: undefined/unknown
2026-09-17T14:01:58.931+09:00  INFO 22395 --- [order-payment-service] [           main] org.hibernate.orm.core                   : HHH000489: No JTA platform available (set 'hibernate.transaction.jta.platform' to enable JTA platform integration)
2026-09-17T14:01:58.976+09:00  INFO 22395 --- [order-payment-service] [           main] j.LocalContainerEntityManagerFactoryBean : Initialized JPA EntityManagerFactory for persistence unit 'default'
2026-09-17T14:01:59.015+09:00  INFO 22395 --- [order-payment-service] [           main] o.s.d.j.r.query.QueryEnhancerFactories   : Hibernate is in classpath; If applicable, HQL parser will be used.
2026-09-17T14:01:59.207+09:00  WARN 22395 --- [order-payment-service] [           main] JpaBaseConfiguration$JpaWebConfiguration : spring.jpa.open-in-view is enabled by default. Therefore, database queries may be performed during view rendering. Explicitly configure spring.jpa.open-in-view to disable this warning
2026-09-17T14:01:59.318+09:00  INFO 22395 --- [order-payment-service] [           main] org.redisson.Version                     : Redisson 4.7.0
2026-09-17T14:01:59.385+09:00  WARN 22395 --- [order-payment-service] [           main] i.n.r.d.DnsServerAddressStreamProviders  : Can not find io.netty.resolver.dns.macos.MacOSDnsServerAddressStreamProvider in the classpath, fallback to system defaults. This may result in incorrect DNS resolutions on MacOS. Check whether you have a dependency on 'io.netty:netty-resolver-dns-native-macos'
2026-09-17T14:01:59.516+09:00  INFO 22395 --- [order-payment-service] [isson-netty-1-5] o.redisson.connection.ConnectionsHolder  : 1 connections initialized for localhost/127.0.0.1:6379
2026-09-17T14:01:59.566+09:00  INFO 22395 --- [order-payment-service] [sson-netty-1-20] o.redisson.connection.ConnectionsHolder  : 24 connections initialized for localhost/127.0.0.1:6379
2026-09-17T14:02:00.050+09:00  INFO 22395 --- [order-payment-service] [           main] o.s.b.a.e.web.EndpointLinksResolver      : Exposing 1 endpoint beneath base path '/actuator'
2026-09-17T14:02:00.092+09:00  WARN 22395 --- [order-payment-service] [           main] ConfigServletWebServerApplicationContext : Exception encountered during context initialization - cancelling refresh attempt: org.springframework.context.ApplicationContextException: Failed to start bean 'webServerStartStop'
2026-09-17T14:02:00.105+09:00  INFO 22395 --- [order-payment-service] [           main] j.LocalContainerEntityManagerFactoryBean : Closing JPA EntityManagerFactory for persistence unit 'default'
2026-09-17T14:02:00.106+09:00  INFO 22395 --- [order-payment-service] [           main] com.zaxxer.hikari.HikariDataSource       : HikariPool-1 - Shutdown initiated...
2026-09-17T14:02:00.107+09:00  INFO 22395 --- [order-payment-service] [           main] com.zaxxer.hikari.HikariDataSource       : HikariPool-1 - Shutdown completed.
2026-09-17T14:02:00.119+09:00  INFO 22395 --- [order-payment-service] [           main] .s.b.a.l.ConditionEvaluationReportLogger : 

Error starting ApplicationContext. To display the condition evaluation report re-run your application with 'debug' enabled.
2026-09-17T14:02:00.126+09:00 ERROR 22395 --- [order-payment-service] [           main] o.s.b.d.LoggingFailureAnalysisReporter   : 

***************************
APPLICATION FAILED TO START
***************************

Description:

Web server failed to start. Port 8084 was already in use.

Action:

Identify and stop the process that's listening on port 8084 or configure this application to listen on another port.


> Task :services:order-payment-service:bootRun FAILED

FAILURE: Build failed with an exception.

* What went wrong:
Execution failed for task ':services:order-payment-service:bootRun'.
> Process 'command '/Library/Java/JavaVirtualMachines/jdk-25.jdk/Contents/Home/bin/java'' finished with non-zero exit value 1

* Try:
> Run with --stacktrace option to get the stack trace.
> Run with --info or --debug option to get more log output.
> Run with --scan to generate a Build Scan (Powered by Develocity).
> Get more help at https://help.gradle.org.

BUILD FAILED in 17s
6 actionable tasks: 1 executed, 5 up-to-date
